// Jest Snapshot v1, https://goo.gl/fbAQLP

exports[`Testing <Header/> Component has rendered correctly 1`] = `
<header
  className="header"
>
  <h1
    className="header__heading"
  >
    Create your awesome banner
  </h1>
</header>
`;
